Logging run_audit output to /home/ubuntu/HALO/out-cross-model/smollm2-360m/googlere/run_audit.log
Prompt file: /home/ubuntu/HALO/data/prompts_googlere.jsonl
Database used: HuggingFaceTB/SmolLM2-360M
DB states: FULL, DEL-ON, DEL-OFF
Running audit for /home/ubuntu/HALO/data/prompts_googlere.jsonl with database HuggingFaceTB/SmolLM2-360M
FULL pass: 0 reused, 2766 generated in /home/ubuntu/HALO/out-cross-model/smollm2-360m/googlere/prompts_googlere_full
Cross-state audit metrics:
  Closure policy: oracle
  Pre-answer answer-mention coverage: 2766/2766 facts
  Paired count: 2766
  FULL-correct paired count: 128
  Parametric leakage L(f): 0.046
  Retrieval-mediated correctness R(f): 0.000
  Retrieval interference I(f): 0.000
  Retrieval interference | FULL correct: 0.000
  Retrieval artifact rate: 0.000
  Artifact-trace eligible count: 0
  Post-deletion survival | FULL correct: 1.000
Metrics by state:
FULL:
  Count: 2766
  Exact match: 0.000
  Contains match: 0.046
  Unknown rate: 0.000
  Precision: 0.010
  Recall: 0.042
  F1: 0.017
DEL-ON:
  Count: 2766
  Exact match: 0.000
  Contains match: 0.046
  Unknown rate: 0.000
  Precision: 0.010
  Recall: 0.042
  F1: 0.017
DEL-OFF:
  Count: 2766
  Exact match: 0.000
  Contains match: 0.046
  Unknown rate: 0.000
  Precision: 0.010
  Recall: 0.042
  F1: 0.017
Wrote cross-state metrics CSV to /home/ubuntu/HALO/out-cross-model/smollm2-360m/googlere/cross_state_metrics.csv
Wrote per-state metrics CSV to /home/ubuntu/HALO/out-cross-model/smollm2-360m/googlere/per_state_metrics.csv
