Logging run_audit output to /home/ubuntu/HALO/out-cross-model/standard-lm-360m-fw/trex/run_audit.log
Prompt file: /home/ubuntu/HALO/data/prompts_trex.jsonl
Database used: lil-lab/CoLMLM-Standard-LM-Baseline-360M-FW
DB states: FULL, DEL-ON, DEL-OFF
Running audit for /home/ubuntu/HALO/data/prompts_trex.jsonl with database lil-lab/CoLMLM-Standard-LM-Baseline-360M-FW
FULL pass: 0 reused, 27630 generated in /home/ubuntu/HALO/out-cross-model/standard-lm-360m-fw/trex/prompts_trex_full
Cross-state audit metrics:
  Closure policy: oracle
  Pre-answer answer-mention coverage: 27630/27630 facts
  Paired count: 27630
  FULL-correct paired count: 11112
  Parametric leakage L(f): 0.402
  Retrieval-mediated correctness R(f): 0.000
  Retrieval interference I(f): 0.000
  Retrieval interference | FULL correct: 0.000
  Retrieval artifact rate: 0.000
  Artifact-trace eligible count: 0
  Post-deletion survival | FULL correct: 1.000
Metrics by state:
FULL:
  Count: 27630
  Exact match: 0.133
  Contains match: 0.402
  Unknown rate: 0.003
  Precision: 0.200
  Recall: 0.395
  F1: 0.233
DEL-ON:
  Count: 27630
  Exact match: 0.133
  Contains match: 0.402
  Unknown rate: 0.003
  Precision: 0.200
  Recall: 0.395
  F1: 0.233
DEL-OFF:
  Count: 27630
  Exact match: 0.133
  Contains match: 0.402
  Unknown rate: 0.003
  Precision: 0.200
  Recall: 0.395
  F1: 0.233
Wrote cross-state metrics CSV to /home/ubuntu/HALO/out-cross-model/standard-lm-360m-fw/trex/cross_state_metrics.csv
Wrote per-state metrics CSV to /home/ubuntu/HALO/out-cross-model/standard-lm-360m-fw/trex/per_state_metrics.csv
