Logging run_audit output to /home/ubuntu/HALO/out/zsre/del_off_sensitivity/forbid-token/run_audit.log
Prompt file: /home/ubuntu/HALO/data/prompts_zsre.jsonl
Database used: /home/ubuntu/HALO/data/co-lmlm-fineweb-wiki-index
DB states: FULL, DEL-ON, DEL-OFF
Running audit for /home/ubuntu/HALO/data/prompts_zsre.jsonl with database /home/ubuntu/HALO/data/co-lmlm-fineweb-wiki-index
Wrote closure artifacts to /home/ubuntu/HALO/out/zsre/del_off_sensitivity/forbid-token/prompts_zsre_closures
Wrote query-embedding sidecar to /home/ubuntu/HALO/out/zsre/del_off_sensitivity/forbid-token/prompts_zsre_query_embeddings.npz
Probe L_rep: 0.406, behavioral L: 0.008, Δ_rep: 0.398 over 3754 facts
FULL pass: 0 reused, 0 generated in /home/ubuntu/HALO/out/zsre/prompts_zsre_full
Cross-phase reuse: served 0 generations ({}), generated 0, 0 canary-verified.
Cross-state audit metrics:
  Closure policy: geometric,value
  DEL-OFF control mode: forbid-token
  Pre-answer answer-mention coverage: 3754/19086 facts
    8591x FULL produced no selected entry ID
    6741x FULL selected entry did not pass the answer-mention heuristic
  Paired count: 3754
  FULL-correct paired count: 2260
  Parametric leakage L(f): 0.008
  Retrieval-mediated correctness R(f): 0.004
  Retrieval interference I(f): 0.006
  Retrieval interference | FULL correct: 0.008
  Retrieval artifact rate: 0.006
  Artifact-trace eligible count: 3754
  Post-deletion survival | FULL correct: 0.008
Metrics by state:
FULL:
  Count: 3754
  Exact match: 0.423
  Contains match: 0.602
  Unknown rate: 0.137
  Precision: 0.656
  Recall: 0.673
  F1: 0.632
DEL-ON:
  Count: 3754
  Exact match: 0.002
  Contains match: 0.006
  Unknown rate: 0.098
  Precision: 0.040
  Recall: 0.042
  F1: 0.037
DEL-OFF:
  Count: 3754
  Exact match: 0.001
  Contains match: 0.008
  Unknown rate: 0.000
  Precision: 0.025
  Recall: 0.054
  F1: 0.031
Wrote cross-state metrics CSV to /home/ubuntu/HALO/out/zsre/del_off_sensitivity/forbid-token/cross_state_metrics.csv
Wrote per-state metrics CSV to /home/ubuntu/HALO/out/zsre/del_off_sensitivity/forbid-token/per_state_metrics.csv
