Logging run_audit output to /home/ubuntu/HALO/out-cross-model/smollm2-360m/popqa/run_audit.log
Prompt file: /home/ubuntu/HALO/data/prompts.jsonl
Database used: HuggingFaceTB/SmolLM2-360M
DB states: FULL, DEL-ON, DEL-OFF
Running audit for /home/ubuntu/HALO/data/prompts.jsonl with database HuggingFaceTB/SmolLM2-360M
FULL pass: 0 reused, 2818 generated in /home/ubuntu/HALO/out-cross-model/smollm2-360m/popqa/prompts_full
Cross-state audit metrics:
  Closure policy: oracle
  Pre-answer answer-mention coverage: 2818/2818 facts
  Paired count: 2818
  FULL-correct paired count: 574
  Parametric leakage L(f): 0.204
  Retrieval-mediated correctness R(f): 0.000
  Retrieval interference I(f): 0.000
  Retrieval interference | FULL correct: 0.000
  Retrieval artifact rate: 0.000
  Artifact-trace eligible count: 0
  Post-deletion survival | FULL correct: 1.000
Metrics by state:
FULL:
  Count: 2818
  Exact match: 0.107
  Contains match: 0.204
  Unknown rate: 0.438
  Precision: 0.142
  Recall: 0.190
  F1: 0.150
DEL-ON:
  Count: 2818
  Exact match: 0.107
  Contains match: 0.204
  Unknown rate: 0.438
  Precision: 0.142
  Recall: 0.190
  F1: 0.150
DEL-OFF:
  Count: 2818
  Exact match: 0.107
  Contains match: 0.204
  Unknown rate: 0.438
  Precision: 0.142
  Recall: 0.190
  F1: 0.150
Wrote cross-state metrics CSV to /home/ubuntu/HALO/out-cross-model/smollm2-360m/popqa/cross_state_metrics.csv
Wrote per-state metrics CSV to /home/ubuntu/HALO/out-cross-model/smollm2-360m/popqa/per_state_metrics.csv
