Logging run_audit output to /home/ubuntu/HALO/out-cross-model/smollm2-360m/counterfact/run_audit.log
Prompt file: /home/ubuntu/HALO/data/prompts_counterfact.jsonl
Database used: HuggingFaceTB/SmolLM2-360M
DB states: FULL, DEL-ON, DEL-OFF
Running audit for /home/ubuntu/HALO/data/prompts_counterfact.jsonl with database HuggingFaceTB/SmolLM2-360M
FULL pass: 0 reused, 21919 generated in /home/ubuntu/HALO/out-cross-model/smollm2-360m/counterfact/prompts_counterfact_full
Cross-state audit metrics:
  Closure policy: oracle
  Pre-answer answer-mention coverage: 21919/21919 facts
  Paired count: 21919
  FULL-correct paired count: 4421
  Parametric leakage L(f): 0.202
  Retrieval-mediated correctness R(f): 0.000
  Retrieval interference I(f): 0.000
  Retrieval interference | FULL correct: 0.000
  Retrieval artifact rate: 0.000
  Artifact-trace eligible count: 0
  Post-deletion survival | FULL correct: 1.000
Metrics by state:
FULL:
  Count: 21919
  Exact match: 0.043
  Contains match: 0.202
  Unknown rate: 0.002
  Precision: 0.073
  Recall: 0.202
  F1: 0.091
DEL-ON:
  Count: 21919
  Exact match: 0.043
  Contains match: 0.202
  Unknown rate: 0.002
  Precision: 0.073
  Recall: 0.202
  F1: 0.091
DEL-OFF:
  Count: 21919
  Exact match: 0.043
  Contains match: 0.202
  Unknown rate: 0.002
  Precision: 0.073
  Recall: 0.202
  F1: 0.091
Wrote cross-state metrics CSV to /home/ubuntu/HALO/out-cross-model/smollm2-360m/counterfact/cross_state_metrics.csv
Wrote per-state metrics CSV to /home/ubuntu/HALO/out-cross-model/smollm2-360m/counterfact/per_state_metrics.csv
