Logging run_audit output to /home/ubuntu/HALO/out-cross-model/co-lmlm/popqa/run_audit.log
Prompt file: /home/ubuntu/HALO/data/prompts.jsonl
Database used: /home/ubuntu/HALO/data/co-lmlm-fineweb-wiki-index
DB states: FULL, DEL-ON, DEL-OFF
Running audit for /home/ubuntu/HALO/data/prompts.jsonl with database /home/ubuntu/HALO/data/co-lmlm-fineweb-wiki-index
Wrote closure artifacts to /home/ubuntu/HALO/out-cross-model/co-lmlm/popqa/prompts_closures
Wrote query-embedding sidecar to /home/ubuntu/HALO/out-cross-model/co-lmlm/popqa/prompts_query_embeddings.npz
Probe L_rep: 0.192, behavioral L: 0.081, Δ_rep: 0.111 over 1001 facts
FULL pass: 0 reused, 0 generated in /home/ubuntu/HALO/out-cross-model/co-lmlm/popqa/prompts_full
Cross-state audit metrics:
  Closure policy: geometric,value
  DEL-OFF control mode: null-retrieval
  Pre-answer answer-mention coverage: 1001/2818 facts
    1389x FULL selected entry did not pass the answer-mention heuristic
    419x FULL produced no selected entry ID
    9x FULL answer was already visible before the answer-mention event
  Paired count: 1001
  FULL-correct paired count: 761
  Parametric leakage L(f): 0.081
  Retrieval-mediated correctness R(f): 0.007
  Retrieval interference I(f): 0.073
  Retrieval interference | FULL correct: 0.081
  Retrieval artifact rate: 0.015
  Artifact-trace eligible count: 1001
  Post-deletion survival | FULL correct: 0.012
Metrics by state:
FULL:
  Count: 1001
  Exact match: 0.603
  Contains match: 0.760
  Unknown rate: 0.034
  Precision: 0.723
  Recall: 0.756
  F1: 0.722
DEL-ON:
  Count: 1001
  Exact match: 0.006
  Contains match: 0.015
  Unknown rate: 0.035
  Precision: 0.037
  Recall: 0.040
  F1: 0.036
DEL-OFF:
  Count: 1001
  Exact match: 0.011
  Contains match: 0.081
  Unknown rate: 0.000
  Precision: 0.051
  Recall: 0.092
  F1: 0.057
Wrote cross-state metrics CSV to /home/ubuntu/HALO/out-cross-model/co-lmlm/popqa/cross_state_metrics.csv
Wrote per-state metrics CSV to /home/ubuntu/HALO/out-cross-model/co-lmlm/popqa/per_state_metrics.csv
