Logging run_audit output to /home/ubuntu/HALO/out-cross-model/standard-lm-360m-fw/counterfact/run_audit.log
Prompt file: /home/ubuntu/HALO/data/prompts_counterfact.jsonl
Database used: lil-lab/CoLMLM-Standard-LM-Baseline-360M-FW
DB states: FULL, DEL-ON, DEL-OFF
Running audit for /home/ubuntu/HALO/data/prompts_counterfact.jsonl with database lil-lab/CoLMLM-Standard-LM-Baseline-360M-FW
FULL pass: 0 reused, 21919 generated in /home/ubuntu/HALO/out-cross-model/standard-lm-360m-fw/counterfact/prompts_counterfact_full
Cross-state audit metrics:
  Closure policy: oracle
  Pre-answer answer-mention coverage: 21919/21919 facts
  Paired count: 21919
  FULL-correct paired count: 4615
  Parametric leakage L(f): 0.211
  Retrieval-mediated correctness R(f): 0.000
  Retrieval interference I(f): 0.000
  Retrieval interference | FULL correct: 0.000
  Retrieval artifact rate: 0.000
  Artifact-trace eligible count: 0
  Post-deletion survival | FULL correct: 1.000
Metrics by state:
FULL:
  Count: 21919
  Exact match: 0.048
  Contains match: 0.211
  Unknown rate: 0.001
  Precision: 0.080
  Recall: 0.211
  F1: 0.099
DEL-ON:
  Count: 21919
  Exact match: 0.048
  Contains match: 0.211
  Unknown rate: 0.001
  Precision: 0.080
  Recall: 0.211
  F1: 0.099
DEL-OFF:
  Count: 21919
  Exact match: 0.048
  Contains match: 0.211
  Unknown rate: 0.001
  Precision: 0.080
  Recall: 0.211
  F1: 0.099
Wrote cross-state metrics CSV to /home/ubuntu/HALO/out-cross-model/standard-lm-360m-fw/counterfact/cross_state_metrics.csv
Wrote per-state metrics CSV to /home/ubuntu/HALO/out-cross-model/standard-lm-360m-fw/counterfact/per_state_metrics.csv
