Logging run_audit output to /home/ubuntu/HALO/out-cross-model/standard-lm-360m-fw/zsre/run_audit.log
Prompt file: /home/ubuntu/HALO/data/prompts_zsre.jsonl
Database used: lil-lab/CoLMLM-Standard-LM-Baseline-360M-FW
DB states: FULL, DEL-ON, DEL-OFF
Running audit for /home/ubuntu/HALO/data/prompts_zsre.jsonl with database lil-lab/CoLMLM-Standard-LM-Baseline-360M-FW
FULL pass: 0 reused, 19086 generated in /home/ubuntu/HALO/out-cross-model/standard-lm-360m-fw/zsre/prompts_zsre_full
Cross-state audit metrics:
  Closure policy: oracle
  Pre-answer answer-mention coverage: 19086/19086 facts
  Paired count: 19086
  FULL-correct paired count: 863
  Parametric leakage L(f): 0.045
  Retrieval-mediated correctness R(f): 0.000
  Retrieval interference I(f): 0.000
  Retrieval interference | FULL correct: 0.000
  Retrieval artifact rate: 0.000
  Artifact-trace eligible count: 0
  Post-deletion survival | FULL correct: 1.000
Metrics by state:
FULL:
  Count: 19086
  Exact match: 0.029
  Contains match: 0.045
  Unknown rate: 0.255
  Precision: 0.068
  Recall: 0.086
  F1: 0.071
DEL-ON:
  Count: 19086
  Exact match: 0.029
  Contains match: 0.045
  Unknown rate: 0.255
  Precision: 0.068
  Recall: 0.086
  F1: 0.071
DEL-OFF:
  Count: 19086
  Exact match: 0.029
  Contains match: 0.045
  Unknown rate: 0.255
  Precision: 0.068
  Recall: 0.086
  F1: 0.071
Wrote cross-state metrics CSV to /home/ubuntu/HALO/out-cross-model/standard-lm-360m-fw/zsre/cross_state_metrics.csv
Wrote per-state metrics CSV to /home/ubuntu/HALO/out-cross-model/standard-lm-360m-fw/zsre/per_state_metrics.csv
