Logging run_audit output to /home/ubuntu/HALO/out/trex/del_off_sensitivity/forbid-token/run_audit.log
Prompt file: /home/ubuntu/HALO/data/prompts_trex.jsonl
Database used: /home/ubuntu/HALO/data/co-lmlm-fineweb-wiki-index
DB states: FULL, DEL-ON, DEL-OFF
Running audit for /home/ubuntu/HALO/data/prompts_trex.jsonl with database /home/ubuntu/HALO/data/co-lmlm-fineweb-wiki-index
Wrote closure artifacts to /home/ubuntu/HALO/out/trex/del_off_sensitivity/forbid-token/prompts_trex_closures
Wrote query-embedding sidecar to /home/ubuntu/HALO/out/trex/del_off_sensitivity/forbid-token/prompts_trex_query_embeddings.npz
Probe L_rep: 0.350, behavioral L: 0.239, Δ_rep: 0.111 over 8258 facts
FULL pass: 0 reused, 0 generated in /home/ubuntu/HALO/out/trex/prompts_trex_full
Cross-phase reuse: served 0 generations ({}), generated 0, 0 canary-verified.
Cross-state audit metrics:
  Closure policy: geometric,value
  DEL-OFF control mode: forbid-token
  Pre-answer answer-mention coverage: 8258/27630 facts
    9603x FULL selected entry did not pass the answer-mention heuristic
    9648x FULL produced no selected entry ID
    121x FULL answer was already visible before the answer-mention event
  Paired count: 8258
  FULL-correct paired count: 7407
  Parametric leakage L(f): 0.239
  Retrieval-mediated correctness R(f): 0.024
  Retrieval interference I(f): 0.184
  Retrieval interference | FULL correct: 0.188
  Retrieval artifact rate: 0.080
  Artifact-trace eligible count: 8258
  Post-deletion survival | FULL correct: 0.083
Metrics by state:
FULL:
  Count: 8258
  Exact match: 0.246
  Contains match: 0.897
  Unknown rate: 0.025
  Precision: 0.476
  Recall: 0.866
  F1: 0.566
DEL-ON:
  Count: 8258
  Exact match: 0.010
  Contains match: 0.080
  Unknown rate: 0.036
  Precision: 0.027
  Recall: 0.083
  F1: 0.035
DEL-OFF:
  Count: 8258
  Exact match: 0.026
  Contains match: 0.239
  Unknown rate: 0.002
  Precision: 0.060
  Recall: 0.227
  F1: 0.081
Wrote cross-state metrics CSV to /home/ubuntu/HALO/out/trex/del_off_sensitivity/forbid-token/cross_state_metrics.csv
Wrote per-state metrics CSV to /home/ubuntu/HALO/out/trex/del_off_sensitivity/forbid-token/per_state_metrics.csv
